
     Program Q2R v.7.2 starts on  9Apr2026 at 14:56:56 

     This program is part of the open-source Quantum ESPRESSO suite
     for quantum simulation of materials; please cite
         "P. Giannozzi et al., J. Phys.:Condens. Matter 21 395502 (2009);
         "P. Giannozzi et al., J. Phys.:Condens. Matter 29 465901 (2017);
         "P. Giannozzi et al., J. Chem. Phys. 152 154105 (2020);
          URL http://www.quantum-espresso.org", 
     in publications or presentations arising from this work. More details at
     http://www.quantum-espresso.org/quote

     Serial version
     4692 MiB available memory on the printing compute node when the environment starts


  reading grid info from file mos2.dyn0    

  reading force constants from file mos2.dyn1
  Dielectric Tensor not found
  nqs=            1
 q=   0.00000000  0.00000000  0.00000000
  reading force constants from file mos2.dyn2
  nqs=            6
 q=   0.00000000  0.28867514  0.00000000
 q=  -0.00000000 -0.28867514 -0.00000000
 q=  -0.25000000 -0.14433757  0.00000000
 q=   0.25000000  0.14433757 -0.00000000
 q=   0.25000000 -0.14433757  0.00000000
 q=  -0.25000000  0.14433757 -0.00000000
  reading force constants from file mos2.dyn3
  nqs=            3
 q=   0.00000000 -0.57735027  0.00000000
 q=   0.50000000  0.28867514  0.00000000
 q=  -0.50000000  0.28867514  0.00000000
  reading force constants from file mos2.dyn4
  nqs=            6
 q=   0.25000000  0.43301270  0.00000000
 q=  -0.25000000  0.43301270  0.00000000
 q=  -0.25000000 -0.43301270  0.00000000
 q=   0.50000000  0.00000000  0.00000000
 q=  -0.50000000 -0.00000000  0.00000000
 q=   0.25000000 -0.43301270  0.00000000

      q-space grid ok, #points =   16

      fft-check success (sum of imaginary terms < 10^-12)

     Q2R          :      0.02s CPU      0.02s WALL


   This run was terminated on:  14:56:56   9Apr2026            

=------------------------------------------------------------------------------=
   JOB DONE.
=------------------------------------------------------------------------------=
